// Jest Snapshot v1, https://goo.gl/fbAQLP

exports[`Testing avatar component should renders correctly 1`] = `
<DocumentFragment>
  .c0 {
  width: 90px;
  height: 90px;
  border-radius: 50%;
  background-size: cover;
  background-position: center;
  background-repeat: no-repeat;
  background-color: #D9DDE9;
}

<div
    class="c0 user-avatar"
    data-testid="avatar"
    style="background-image: url(https://avatars.githubusercontent.com/u/35657233?v=4);"
  />
</DocumentFragment>
`;
