// Jest Snapshot v1, https://goo.gl/fbAQLP

exports[`Testing button component should renders correctly 1`] = `
<div
  className="react-ripples button-ripple button-container button-primary"
  onClick={[Function]}
  style={
    Object {
      "display": "inline-flex",
      "overflow": "hidden",
      "position": "relative",
    }
  }
>
  <button
    className="button__Container-kgsnoi-0 heniDW"
    data-testid="button"
    role="primary"
    size="default"
  >
    hello there
  </button>
  <s
    style={
      Object {
        "borderRadius": "50%",
        "height": 35,
        "opacity": 0,
        "pointerEvents": "none",
        "position": "absolute",
        "transform": "translate(-50%, -50%)",
        "width": 35,
      }
    }
  />
</div>
`;
